ANY /
ANY /api/v1
DELETE /api/v1/exports/{namespace}/{id}
DELETE /api/v1/forklift/plans/{namespace}/{name}
DELETE /api/v1/forklift/plans/{namespace}/{name}/migration
DELETE /api/v1/forklift/providers/{namespace}/{name}
DELETE /api/v1/harvester/ovasources/{namespace}/{name}
DELETE /api/v1/harvester/vmwaresources/{namespace}/{name}
DELETE /api/v1/plans/{namespace}/{name}
GET /api/v1/capabilities
GET /api/v1/exports
GET /api/v1/exports/{namespace}/{id}
GET /api/v1/exports/{namespace}/{id}/download
GET /api/v1/exports/{namespace}/{id}/logs
GET /api/v1/forklift/availability
GET /api/v1/forklift/inventory/ova/{namespace}/{name}/{resource}
GET /api/v1/forklift/inventory/{namespace}/{name}
GET /api/v1/forklift/migrations/{namespace}/{name}/yaml
GET /api/v1/forklift/networkmaps/{namespace}/{name}
GET /api/v1/forklift/networkmaps/{namespace}/{name}/yaml
GET /api/v1/forklift/plans
GET /api/v1/forklift/plans/{namespace}/{name}/logs
GET /api/v1/forklift/plans/{namespace}/{name}/migration
GET /api/v1/forklift/plans/{namespace}/{name}/yaml
GET /api/v1/forklift/providers
GET /api/v1/forklift/providers/{namespace}/{name}
GET /api/v1/forklift/providers/{namespace}/{name}/yaml
GET /api/v1/forklift/storagemaps/{namespace}/{name}
GET /api/v1/forklift/storagemaps/{namespace}/{name}/yaml
GET /api/v1/harvester/inventory
GET /api/v1/harvester/namespaces
GET /api/v1/harvester/ovasources
GET /api/v1/harvester/ovasources/{namespace}/{name}
GET /api/v1/harvester/ovasources/{namespace}/{name}/yaml
GET /api/v1/harvester/storageclasses
GET /api/v1/harvester/virtualmachines/{namespace}
GET /api/v1/harvester/vlanconfigs
GET /api/v1/harvester/vmwaresources
GET /api/v1/harvester/vmwaresources/{namespace}/{name}
GET /api/v1/harvester/vmwaresources/{namespace}/{name}/yaml
GET /api/v1/plans
GET /api/v1/plans/{namespace}/{name}/logs
GET /api/v1/plans/{namespace}/{name}/yaml
GET /api/v1/support-bundle
GET /api/v1/vcenter/inventory/{namespace}/{name}
POST /api/v1/exports
POST /api/v1/exports/preview
POST /api/v1/exports/{namespace}/{id}/download-ticket
POST /api/v1/forklift/plans
POST /api/v1/forklift/plans/{namespace}/{name}/run
POST /api/v1/forklift/providers
POST /api/v1/harvester/namespaces
POST /api/v1/harvester/ovasources
POST /api/v1/harvester/vmwaresources
POST /api/v1/plans
POST /api/v1/plans/{namespace}/{name}/run
POST /api/v1/vcenter/vm/{namespace}/{name}/mac
POST /api/v1/vcenter/vm/{namespace}/{name}/power
POST /api/v1/vcenter/vm/{namespace}/{name}/rename
PUT /api/v1/forklift/providers/{namespace}/{name}
PUT /api/v1/harvester/ovasources/{namespace}/{name}
PUT /api/v1/harvester/vmwaresources/{namespace}/{name}
PUT /api/v1/plans/{namespace}/{name}
